651 6.367188e-01
1.149905e+01 2.500108e+02 1.010847e+00
0.000000e+00 0.000000e+00 7.830631e-01 0.000000e+00 0.000000e+00
6.250000e-03 0.000000e+00 7.763880e-01 0.000000e+00 0.000000e+00
1.250000e-02 0.000000e+00 7.712036e-01 0.000000e+00 0.000000e+00
1.875000e-02 0.000000e+00 7.931042e-01 0.000000e+00 0.000000e+00
2.500000e-02 0.000000e+00 8.262959e-01 0.000000e+00 0.000000e+00
3.125000e-02 0.000000e+00 8.602972e-01 0.000000e+00 0.000000e+00
3.750000e-02 0.000000e+00 8.842861e-01 0.000000e+00 0.000000e+00
4.375000e-02 0.000000e+00 8.786073e-01 0.000000e+00 0.000000e+00
5.000000e-02 0.000000e+00 8.714211e-01 0.000000e+00 0.000000e+00
0.000000e+00 6.250000e-03 7.897382e-01 0.000000e+00 0.000000e+00
6.250000e-03 6.250000e-03 7.818698e-01 -1.394661e-02 1.203021e-02
1.250000e-02 6.250000e-03 7.740014e-01 -3.785884e-02 1.705395e-02
1.875000e-02 6.250000e-03 7.950162e-01 -6.119011e-02 1.186826e-02
2.500000e-02 6.250000e-03 8.249352e-01 -7.040355e-02 1.147955e-03
3.125000e-02 6.250000e-03 8.563728e-01 -6.346318e-02 -1.047190e-02
3.750000e-02 6.250000e-03 8.813864e-01 -4.020854e-02 -1.736540e-02
4.375000e-02 6.250000e-03 8.728107e-01 -1.492432e-02 -1.257099e-02
5.000000e-02 6.250000e-03 8.642349e-01 0.000000e+00 0.000000e+00
0.000000e+00 1.250000e-02 7.979039e-01 0.000000e+00 0.000000e+00
6.250000e-03 1.250000e-02 7.873516e-01 -2.764408e-02 3.805345e-02
1.250000e-02 1.250000e-02 7.767993e-01 -6.768687e-02 4.833083e-02
1.875000e-02 1.250000e-02 7.969282e-01 -1.041935e-01 3.250781e-02
2.500000e-02 1.250000e-02 8.235746e-01 -1.185990e-01 2.476655e-03
3.125000e-02 1.250000e-02 8.524483e-01 -1.084473e-01 -2.965006e-02
3.750000e-02 1.250000e-02 8.784867e-01 -7.260557e-02 -4.945663e-02
4.375000e-02 1.250000e-02 8.670140e-01 -3.034269e-02 -4.001472e-02
5.000000e-02 1.250000e-02 8.555414e-01 0.000000e+00 0.000000e+00
0.000000e+00 1.875000e-02 7.699047e-01 0.000000e+00 0.000000e+00
6.250000e-03 1.875000e-02 7.607506e-01 -4.162482e-02 7.941978e-02
1.250000e-02 1.875000e-02 7.515966e-01 -9.350869e-02 9.427178e-02
1.875000e-02 1.875000e-02 7.804921e-01 -1.383149e-01 6.228791e-02
2.500000e-02 1.875000e-02 8.170546e-01 -1.564694e-01 5.589373e-03
3.125000e-02 1.875000e-02 8.585621e-01 -1.463824e-01 -5.542733e-02
3.750000e-02 1.875000e-02 9.003588e-01 -1.038959e-01 -9.603690e-02
4.375000e-02 1.875000e-02 8.930689e-01 -4.871087e-02 -8.450910e-02
5.000000e-02 1.875000e-02 8.857789e-01 0.000000e+00 0.000000e+00
0.000000e+00 2.500000e-02 6.961420e-01 0.000000e+00 0.000000e+00
6.250000e-03 2.500000e-02 6.986781e-01 -5.575444e-02 1.321504e-01
1.250000e-02 2.500000e-02 7.012143e-01 -1.109694e-01 1.465991e-01
1.875000e-02 2.500000e-02 7.461478e-01 -1.547004e-01 9.514987e-02
2.500000e-02 2.500000e-02 8.013338e-01 -1.731893e-01 1.066013e-02
3.125000e-02 2.500000e-02 8.669975e-01 -1.674190e-01 -8.142719e-02
3.750000e-02 2.500000e-02 9.390039e-01 -1.292598e-01 -1.490642e-01
4.375000e-02 2.500000e-02 9.551001e-01 -7.074374e-02 -1.443443e-01
5.000000e-02 2.500000e-02 9.711963e-01 0.000000e+00 0.000000e+00
0.000000e+00 3.125000e-02 5.287152e-01 0.000000e+00 0.000000e+00
6.250000e-03 3.125000e-02 5.746754e-01 -6.534860e-02 1.903374e-01
1.250000e-02 3.125000e-02 6.206356e-01 -1.043795e-01 1.947459e-01
1.875000e-02 3.125000e-02 6.946280e-01 -1.270686e-01 1.242135e-01
2.500000e-02 3.125000e-02 7.788920e-01 -1.371318e-01 1.867726e-02
3.125000e-02 3.125000e-02 8.825257e-01 -1.397356e-01 -9.801956e-02
3.750000e-02 3.125000e-02 1.005557e+00 -1.256959e-01 -1.944484e-01
4.375000e-02 3.125000e-02 1.093830e+00 -8.713052e-02 -2.133004e-01
5.000000e-02 3.125000e-02 1.182103e+00 0.000000e+00 0.000000e+00
0.000000e+00 3.750000e-02 2.467686e-01 0.000000e+00 0.000000e+00
6.250000e-03 3.750000e-02 3.766125e-01 -3.736180e-02 2.377725e-01
1.250000e-02 3.750000e-02 5.064563e-01 -2.462536e-02 2.078830e-01
1.875000e-02 3.750000e-02 6.204969e-01 1.581474e-03 1.261380e-01
2.500000e-02 3.750000e-02 7.465201e-01 1.215126e-02 2.278488e-02
3.125000e-02 3.750000e-02 9.051192e-01 1.615226e-03 -9.180487e-02
3.750000e-02 3.750000e-02 1.097563e+00 -3.070310e-02 -2.027318e-01
4.375000e-02 3.750000e-02 1.333859e+00 -5.119014e-02 -2.713434e-01
5.000000e-02 3.750000e-02 1.570155e+00 0.000000e+00 0.000000e+00
0.000000e+00 4.375000e-02 -3.788427e-01 0.000000e+00 0.000000e+00
6.250000e-03 4.375000e-02 3.105014e-02 1.328590e-01 2.113751e-01
1.250000e-02 4.375000e-02 4.409430e-01 2.379663e-01 1.574387e-01
1.875000e-02 4.375000e-02 6.039370e-01 3.321476e-01 9.011805e-02
2.500000e-02 4.375000e-02 7.536235e-01 3.676171e-01 2.071012e-02
3.125000e-02 4.375000e-02 9.420447e-01 3.556806e-01 -5.476326e-02
3.750000e-02 4.375000e-02 1.190866e+00 2.711504e-01 -1.408572e-01
4.375000e-02 4.375000e-02 1.787196e+00 1.647474e-01 -2.382436e-01
5.000000e-02 4.375000e-02 2.383526e+00 0.000000e+00 0.000000e+00
0.000000e+00 5.000000e-02 -3.466774e-01 1.000000e+00 0.000000e+00
6.250000e-03 5.000000e-02 -3.145122e-01 1.000000e+00 0.000000e+00
1.250000e-02 5.000000e-02 3.754296e-01 1.000000e+00 0.000000e+00
1.875000e-02 5.000000e-02 5.873770e-01 1.000000e+00 0.000000e+00
2.500000e-02 5.000000e-02 7.607268e-01 1.000000e+00 0.000000e+00
3.125000e-02 5.000000e-02 9.789703e-01 1.000000e+00 0.000000e+00
3.750000e-02 5.000000e-02 1.284169e+00 1.000000e+00 0.000000e+00
4.375000e-02 5.000000e-02 2.240533e+00 1.000000e+00 0.000000e+00
5.000000e-02 5.000000e-02 2.312029e+00 1.000000e+00 0.000000e+00
